pi@raspberrypi:~ $ psql test
psql (11.13 (Raspbian 11.13-0+deb10u1))
Type "help" for help.

test=> CREATE TABLE movies (
test(> );
ERROR:  relation "movies" already exists
test=> CREATE TABLE movies1 (url text, title text, ReleaseDate text, Distributor text, Starring text, Summary text, Director text, Genre text, Rating text, Runtime text, Userscore text, Metascore text, scoreCounts text); 
CREATE TABLE
test=> \copy movies FROM '/home/pi/RSL/moviesFromMetacritic.csv' delimiter ';' csv header;
ERROR:  missing data for column "lexemessummary"
CONTEXT:  COPY movies, line 2: "4;4;38902;"[ ""Leisure Time Features"", "" | "" ]";[];;"[ ""Ilya Khrjanovsky"" ]";"[ """", ""Drama""..."
test=> \copy movies1 FROM '/home/pi/RSL/moviesFromMetacritic.csv' delimiter ';' csv header;
COPY 5229
test=> SELECT * FROM movies1 where url='pirates-of-the-caribbean-the-curse-of-the-black-pearl';

[1]+  Stopped                 psql test
pi@raspberrypi:~ $ psql test
psql (11.13 (Raspbian 11.13-0+deb10u1))
Type "help" for help.

test=> ALTER TABLE movies1 ADD lexemesSummary tsvector;
ALTER TABLE
test=> UPDATE movies1 SET lexemesSummary = to_tsvector(Summary);
UPDATE 5229
test=> SELECT url FROM movies1 WHERE lexemesSummary @@ to_tsquery('pirate');
                          url                          
-------------------------------------------------------
 bukowski-born-into-this
 captain-phillips
 lucky-number-slevin
 pan
 the-pirates!-band-of-misfits
 pirates-of-the-caribbean-the-curse-of-the-black-pearl
 pirates-of-the-caribbean-at-worlds-end
 the-pirates-who-dont-do-anything-a-veggietales-movie
 pirates-of-the-caribbean-dead-men-tell-no-tales
 the-princess-bride
 stardust
(11 rows)

test=> ALTER TABLE movies1 ADD rank float4;
ALTER TABLE
test=> UPDATE movies1 SET rank = ts_rank(lexemesSummary,plainto_tsquery((SELECT Summary FROM movies1 WHERE url='pan')));
UPDATE 5229
test=> CREATE TABLE recommendationsBasedOnSummaryField2 AS SELECT url, rank FROM movies1 WHERE rank < 0.99 ORDER BY rank DESC LIMIT 50;
SELECT 50
test=> \copy(SELECT * FROM recommendationsBasedOnSummaryField2) to '/home/pi/RSL/top50recommendations.csv' WITH csv;
Invalid command \copy(SELECT. Try \? for help.
test=> \copy (SELECT * FROM recommendationsBasedOnSummaryField2) to '/home/pi/RSL/top50recommendations.csv' WITH csv;
COPY 50
test=> ^C
test=> ^C
test-> 
test-> \q
pi@raspberrypi:~ $ psql test
psql (11.13 (Raspbian 11.13-0+deb10u1))
Type "help" for help.

test=> ALTER TABLE  movies1 ADD lexemesTitle tsvector;
ALTER TABLE
test=> UPDATE movies1 SET lexemesTitle = to_tsvector(Title);
UPDATE 5229
test=> SELECT url FROM movies1 WHERE lexemesTitle @@ to_tsquery('pirate');
                          url                          
-------------------------------------------------------
 the-pirates-who-dont-do-anything-a-veggietales-movie
 the-pirates!-band-of-misfits
 pirates-of-the-caribbean-the-curse-of-the-black-pearl
 pirates-of-the-caribbean-dead-mans-chest
 pirates-of-the-caribbean-at-worlds-end
 pirates-of-the-caribbean-dead-men-tell-no-tales
(6 rows)

test=> ALTER TABLE movies1 ADD rank float4;
